// Jest Snapshot v1, https://goo.gl/fbAQLP

exports[`WeatherItem Component matches the snapshot 1`] = `
<View
  style={
    {
      "alignItems": "center",
      "flex": 1,
      "flexDirection": "row",
      "justifyContent": "space-between",
      "paddingVertical": 6,
    }
  }
>
  <View
    style={
      {
        "alignItems": "center",
        "flex": 1,
        "flexDirection": "row",
        "marginRight": 5,
      }
    }
  >
    <Image
      resizeMode="cover"
      source={
        {
          "uri": "https://example.com/undefined.png",
        }
      }
      style={
        {
          "height": 45,
          "marginHorizontal": 15,
          "width": 45,
        }
      }
      testID="weather-icon"
    />
    <View
      style={
        {
          "flex": 1,
        }
      }
    >
      <Text
        ellipsizeMode="tail"
        numberOfLines={3}
        style={
          {
            "fontSize": 20,
            "fontWeight": "400",
          }
        }
      >
        Warszawa
      </Text>
      <Text
        style={
          {
            "color": "#505050",
            "fontWeight": "600",
          }
        }
      />
    </View>
  </View>
  <View
    style={
      {
        "alignSelf": "center",
        "backgroundColor": "#75c5cd",
        "borderRadius": 25,
        "marginRight": 15,
        "paddingHorizontal": 14,
        "paddingVertical": 6,
      }
    }
  >
    <Text
      style={
        {
          "color": "white",
          "fontSize": 19,
          "fontWeight": "normal",
        }
      }
    >
      18
       ÂºF
    </Text>
  </View>
</View>
`;
